#ID	Length	Dir	Exons	Position	GroupID	NIsoformInGroup	Explv
uc001aaa.3	1652	+	3	chr1:11874-14409	1	24	87.24033967875363
uc010nxq.1	1488	+	3	chr1:11874-14409	1	24	4.3789331309325155
uc010nxr.1	1595	+	3	chr1:11874-14409	1	24	50160.476886228884
uc009vis.2	842	-	4	chr1:14363-16765	1	24	77.3611249562403
uc001aae.3	2411	-	10	chr1:14363-19759	1	24	6.032334092857238
uc009vit.2	2648	-	9	chr1:14363-19759	1	24	2.404529744830776
uc009viu.2	2705	-	10	chr1:14363-19759	1	24	0.00413176846478004
uc001aab.3	1745	-	10	chr1:14363-24901	1	24	448018.42136009905
uc001aac.3	1745	-	11	chr1:14363-29370	1	24	1.8803102283850301
uc001aah.3	1768	-	11	chr1:14363-29370	1	24	8.800575631903207
uc009viq.2	1636	-	7	chr1:14363-29370	1	24	37.91044024821627
uc009vir.2	2005	-	10	chr1:14363-29370	1	24	66.8594138728584
uc009viv.2	3181	-	7	chr1:14407-29370	1	24	77.03489374800218
uc009viw.2	3517	-	7	chr1:14407-29370	1	24	641.4903475713603
uc009vix.2	1189	-	7	chr1:15603-29370	1	24	1592.0464763794416
uc009vjd.2	1101	-	5	chr1:15796-18061	1	24	7863.915866621845
uc009viy.2	1134	-	9	chr1:16607-29370	1	24	6.869521187056071e-06
uc009viz.2	1097	-	8	chr1:16607-29370	1	24	220.11839674511876
uc009vjc.1	717	-	2	chr1:16858-17751	1	24	0.3057360579630643
uc001aai.1	1577	-	6	chr1:16858-19759	1	24	0.342861907371972
uc010nxs.1	1148	-	8	chr1:16858-29370	1	24	1.0896906064079215
uc009vjb.1	1022	-	7	chr1:16858-29961	1	24	6.129210175560273
uc009vje.2	806	-	4	chr1:17233-29370	1	24	1950.1992806740868
uc009vjf.2	868	-	7	chr1:17606-29370	1	24	53.50047041023473
uc001aak.2	1129	-	3	chr1:34612-36081	2	1	0.016130994231015237
uc001aal.1	918	+	1	chr1:69091-70008	3	1	1238.9502704682961
uc001aam.3	1390	-	1	chr1:137839-139228	4	1	36.68579204361337
